
Memory Configuration

Name             Origin             Length             Attributes
flash            0x08000000         0x00020000         xr
sram             0x20000000         0x00005000         xrw
*default*        0x00000000         0xffffffff

Linker script and memory map


.text           0x08000000      0x19c
 *(.vectors*)
 .vectors       0x08000000       0x1c startup.o
                0x08000000                vectors
 *(.text*)
 .text          0x0800001c       0xc4 startup.o
                0x0800001c                Rest_Handler
                0x080000d4                Default_Handler
                0x080000d4                Usage_Fault_Handler
                0x080000d4                MM_Fault_Handler
                0x080000d4                H_Fault_Handler
 .text          0x080000e0       0xbc main.o
                0x080000e0                NMI_Handler
                0x080000ec                Bus_Fault
                0x080000f8                main
 *(.rodata)
                0x0800019c                _E_text = .

.glue_7         0x0800019c        0x0
 .glue_7        0x00000000        0x0 linker stubs

.glue_7t        0x0800019c        0x0
 .glue_7t       0x00000000        0x0 linker stubs

.vfp11_veneer   0x0800019c        0x0
 .vfp11_veneer  0x00000000        0x0 linker stubs

.v4_bx          0x0800019c        0x0
 .v4_bx         0x00000000        0x0 linker stubs

.iplt           0x0800019c        0x0
 .iplt          0x00000000        0x0 startup.o

.rel.dyn        0x0800019c        0x0
 .rel.iplt      0x00000000        0x0 startup.o

.data           0x20000000        0x8 load address 0x0800019c
                0x20000000                _S_DATA = .
 *(.data)
 .data          0x20000000        0x0 startup.o
 .data          0x20000000        0x8 main.o
                0x20000000                g_variables
                0x20000004                const_variables
                0x20000008                _E_DATA = .

.igot.plt       0x20000008        0x0 load address 0x080001a4
 .igot.plt      0x00000000        0x0 startup.o

.bss            0x20000008     0x1000 load address 0x080001a4
                0x20000008                _S_bss = .
 *(.bss*)
 .bss           0x20000008        0x0 startup.o
 .bss           0x20000008        0x0 main.o
                0x20000008                . = ALIGN (0x4)
                0x20000008                _E_bss = .
                0x20000008                . = ALIGN (0x4)
                0x20001008                . = (. + 0x1000)
 *fill*         0x20000008     0x1000 
                0x20001008                _stack_top = .
LOAD startup.o
LOAD main.o
OUTPUT(learn-in-depth.elf elf32-littlearm)

.debug_info     0x00000000      0x2d8
 .debug_info    0x00000000      0x15c startup.o
 .debug_info    0x0000015c      0x17c main.o

.debug_abbrev   0x00000000      0x1c9
 .debug_abbrev  0x00000000       0xc4 startup.o
 .debug_abbrev  0x000000c4      0x105 main.o

.debug_loc      0x00000000       0xf4
 .debug_loc     0x00000000       0x64 startup.o
 .debug_loc     0x00000064       0x90 main.o

.debug_aranges  0x00000000       0x40
 .debug_aranges
                0x00000000       0x20 startup.o
 .debug_aranges
                0x00000020       0x20 main.o

.debug_line     0x00000000      0x108
 .debug_line    0x00000000       0xad startup.o
 .debug_line    0x000000ad       0x5b main.o

.debug_str      0x00000000      0x18a
 .debug_str     0x00000000      0x119 startup.o
                                0x156 (size before relaxing)
 .debug_str     0x00000119       0x71 main.o
                                0x14a (size before relaxing)

.comment        0x00000000       0x11
 .comment       0x00000000       0x11 startup.o
                                 0x12 (size before relaxing)
 .comment       0x00000000       0x12 main.o

.ARM.attributes
                0x00000000       0x33
 .ARM.attributes
                0x00000000       0x33 startup.o
 .ARM.attributes
                0x00000033       0x33 main.o

.debug_frame    0x00000000       0xa8
 .debug_frame   0x00000000       0x4c startup.o
 .debug_frame   0x0000004c       0x5c main.o
